// Jest Snapshot v1, https://goo.gl/fbAQLP

exports[`AreaChart should render without crashed 1`] = `<div />`;
